[2026/07/08 13:36:49] [INFO] [signal] dispatch=round-robin account=[Account 1] order 1/5
[2026/07/08 13:36:49] [INFO] [signal] source=wsserver orderID=0 account=[Account 1] action=buy symbol=BTCUSDT amount= unit= timeRange=all-day
[2026/07/08 13:36:49] [INFO] [order] task=[Account 1] START GET https://api.ipify.org?format=json
Body: 
Proxy: 
[2026/07/08 13:36:49] [INFO] [signal] dispatch=round-robin account=[Account 1] order 2/5
[2026/07/08 13:36:49] [INFO] [signal] source=wsserver orderID=1 account=[Account 1] action=buy symbol=BTCUSDT amount= unit= timeRange=all-day
[2026/07/08 13:36:49] [INFO] [order] task=[Account 1] START GET https://api.ipify.org?format=json
Body: 
Proxy: 
[2026/07/08 13:36:49] [INFO] [signal] dispatch=round-robin account=[Account 1] order 3/5
[2026/07/08 13:36:49] [INFO] [signal] source=wsserver orderID=2 account=[Account 1] action=buy symbol=BTCUSDT amount= unit= timeRange=all-day
[2026/07/08 13:36:49] [INFO] [order] task=[Account 1] START GET https://api.ipify.org?format=json
Body: 
Proxy: 
[2026/07/08 13:36:49] [INFO] [order] task=[Account 1] FINISH status=200
Response: {"ip":"8.218.35.90"}
[2026/07/08 13:36:49] [INFO] [signal] dispatch=round-robin account=[Account 1] order 4/5
[2026/07/08 13:36:49] [INFO] [signal] source=wsserver orderID=3 account=[Account 1] action=buy symbol=BTCUSDT amount= unit= timeRange=all-day
[2026/07/08 13:36:49] [INFO] [order] task=[Account 1] START GET https://api.ipify.org?format=json
Body: 
Proxy: 
[2026/07/08 13:36:49] [INFO] [order] task=[Account 1] FINISH status=200
Response: {"ip":"8.218.35.90"}
[2026/07/08 13:36:49] [INFO] [signal] dispatch=round-robin account=[Account 1] order 5/5
[2026/07/08 13:36:49] [INFO] [signal] source=wsserver orderID=4 account=[Account 1] action=buy symbol=BTCUSDT amount= unit= timeRange=all-day
[2026/07/08 13:36:49] [INFO] [order] task=[Account 1] START GET https://api.ipify.org?format=json
Body: 
Proxy: 
[2026/07/08 13:36:49] [INFO] [signal] account=[Account 1] at limit 5/5, skipping
[2026/07/08 13:36:49] [INFO] [signal] dispatch=round-robin account=[Account 2] order 1/5
[2026/07/08 13:36:49] [INFO] [signal] source=wsserver orderID=5 account=[Account 2] action=buy symbol=BTCUSDT amount= unit= timeRange=all-day
[2026/07/08 13:36:49] [INFO] [order] task=[Account 2] START GET https://api.ipify.org?format=json
Body: 
Proxy: 
[2026/07/08 13:36:49] [INFO] [order] task=[Account 1] FINISH status=200
Response: {"ip":"8.218.35.90"}
[2026/07/08 13:36:50] [INFO] [signal] account=[Account 1] at limit 5/5, skipping
[2026/07/08 13:36:50] [INFO] [signal] dispatch=round-robin account=[Account 2] order 2/5
[2026/07/08 13:36:50] [INFO] [signal] source=wsserver orderID=6 account=[Account 2] action=buy symbol=BTCUSDT amount= unit= timeRange=all-day
[2026/07/08 13:36:50] [INFO] [order] task=[Account 2] START GET https://api.ipify.org?format=json
Body: 
Proxy: 
[2026/07/08 13:36:50] [INFO] [order] task=[Account 1] FINISH status=200
Response: {"ip":"8.218.35.90"}
[2026/07/08 13:36:50] [INFO] [signal] account=[Account 1] at limit 5/5, skipping
[2026/07/08 13:36:50] [INFO] [signal] dispatch=round-robin account=[Account 2] order 3/5
[2026/07/08 13:36:50] [INFO] [signal] source=wsserver orderID=7 account=[Account 2] action=buy symbol=BTCUSDT amount= unit= timeRange=all-day
[2026/07/08 13:36:50] [INFO] [order] task=[Account 2] START GET https://api.ipify.org?format=json
Body: 
Proxy: 
[2026/07/08 13:36:50] [INFO] [order] task=[Account 2] FINISH status=200
Response: {"ip":"8.218.35.90"}
[2026/07/08 13:36:50] [INFO] [order] task=[Account 1] FINISH status=200
Response: {"ip":"8.218.35.90"}
[2026/07/08 13:36:50] [INFO] [order] task=[Account 2] FINISH status=200
Response: {"ip":"8.218.35.90"}
[2026/07/08 13:36:50] [INFO] [order] task=[Account 2] FINISH status=200
Response: {"ip":"8.218.35.90"}
[2026/07/08 13:39:28] [INFO] [signal] dispatch=round-robin account=[Account 1] slot 1/5
[2026/07/08 13:39:28] [INFO] [signal] source=wsserver orderID=0 account=[Account 1] action=buy symbol=BTCUSDT amount= unit= timeRange=all-day
[2026/07/08 13:39:28] [INFO] [order] task=[Account 1] START GET https://api.ipify.org?format=json
Body: 
Proxy: 
[2026/07/08 13:39:28] [INFO] [signal] dispatch=round-robin account=[Account 1] slot 2/5
[2026/07/08 13:39:28] [INFO] [signal] source=wsserver orderID=1 account=[Account 1] action=buy symbol=BTCUSDT amount= unit= timeRange=all-day
[2026/07/08 13:39:28] [INFO] [order] task=[Account 1] START GET https://api.ipify.org?format=json
Body: 
Proxy: 
[2026/07/08 13:39:28] [INFO] [signal] dispatch=round-robin account=[Account 1] slot 3/5
[2026/07/08 13:39:28] [INFO] [signal] source=wsserver orderID=2 account=[Account 1] action=buy symbol=BTCUSDT amount= unit= timeRange=all-day
[2026/07/08 13:39:28] [INFO] [order] task=[Account 1] START GET https://api.ipify.org?format=json
Body: 
Proxy: 
[2026/07/08 13:39:28] [INFO] [signal] dispatch=round-robin account=[Account 1] slot 4/5
[2026/07/08 13:39:28] [INFO] [signal] source=wsserver orderID=3 account=[Account 1] action=buy symbol=BTCUSDT amount= unit= timeRange=all-day
[2026/07/08 13:39:28] [INFO] [order] task=[Account 1] START GET https://api.ipify.org?format=json
Body: 
Proxy: 
[2026/07/08 13:39:28] [INFO] [order] task=[Account 1] FINISH status=200
Response: {"ip":"8.218.35.90"}
[2026/07/08 13:39:28] [INFO] [order] task=[Account 1] FINISH status=200
Response: {"ip":"8.218.35.90"}
[2026/07/08 13:39:28] [INFO] [signal] dispatch=round-robin account=[Account 1] slot 5/5
[2026/07/08 13:39:28] [INFO] [signal] source=wsserver orderID=4 account=[Account 1] action=buy symbol=BTCUSDT amount= unit= timeRange=all-day
[2026/07/08 13:39:28] [INFO] [order] task=[Account 1] START GET https://api.ipify.org?format=json
Body: 
Proxy: 
[2026/07/08 13:39:28] [INFO] [order] task=[Account 1] FINISH status=200
Response: {"ip":"8.218.35.90"}
[2026/07/08 13:39:28] [INFO] [signal] account=[Account 1] slots full 5/5, skipping
[2026/07/08 13:39:28] [INFO] [signal] dispatch=round-robin account=[Account 2] slot 1/5
[2026/07/08 13:39:28] [INFO] [signal] source=wsserver orderID=5 account=[Account 2] action=buy symbol=BTCUSDT amount= unit= timeRange=all-day
[2026/07/08 13:39:28] [INFO] [order] task=[Account 2] START GET https://api.ipify.org?format=json
Body: 
Proxy: 
[2026/07/08 13:39:28] [INFO] [order] task=[Account 1] FINISH status=200
Response: {"ip":"8.218.35.90"}
[2026/07/08 13:39:28] [INFO] [signal] account=[Account 1] slots full 5/5, skipping
[2026/07/08 13:39:28] [INFO] [signal] dispatch=round-robin account=[Account 2] slot 2/5
[2026/07/08 13:39:28] [INFO] [signal] source=wsserver orderID=6 account=[Account 2] action=buy symbol=BTCUSDT amount= unit= timeRange=all-day
[2026/07/08 13:39:28] [INFO] [order] task=[Account 2] START GET https://api.ipify.org?format=json
Body: 
Proxy: 
[2026/07/08 13:39:28] [INFO] [order] task=[Account 1] FINISH status=200
Response: {"ip":"8.218.35.90"}
[2026/07/08 13:39:29] [INFO] [order] task=[Account 2] FINISH status=200
Response: {"ip":"8.218.35.90"}
[2026/07/08 13:39:29] [INFO] [order] task=[Account 2] FINISH status=200
Response: {"ip":"8.218.35.90"}
